{"batches_per_epoch": 144, "requested_epochs": 50, "requested_steps": 7200, "train_subset": {"fraction": 1.0, "full_records": 441, "selected_records": 441}, "valid_subset": {"fraction": 1.0, "full_records": 117, "selected_records": 117}}
{
  "normalization_elapsed_s": 5.648840988986194,
  "normalization_stats": {
    "dt_100ps": {
      "bucket_id": "dt_100ps",
      "count": 10112304,
      "coordinate_mean": [
        0.0012902462622150779,
        0.0003576275485102087,
        -0.0007820837199687958
      ],
      "coordinate_std": [
        8.916441917419434,
        11.468255043029785,
        11.738961219787598
      ],
      "velocity_scale": 0.0068625121208869015,
      "acceleration_scale": 0.00011504922781352316,
      "min_count": 32,
      "epsilon": 1e-06,
      "used_fallback": false
    }
  }
}
{"batches_per_epoch": 144, "checkpoint": "outputs/atlas_selected_trajectories/ratio1_temporal/codec_step_00007200.pt", "completed_epochs": 50, "log": "outputs/atlas_selected_trajectories/ratio1_temporal/train_metrics.jsonl", "metrics": {"acceleration": 0.3252197802066803, "acceleration_raw": 4.3047148068353636e-09, "bond": 0.02729291282594204, "bucket_dt_100ps_acceleration": 0.3252197802066803, "bucket_dt_100ps_acceleration_raw": 4.3047148068353636e-09, "bucket_dt_100ps_velocity": 0.34384235739707947, "bucket_dt_100ps_velocity_raw": 1.6192936527659185e-05, "coordinate": 0.2157095968723297, "local": 0.02729291282594204, "task_trajectory_total": 0.27181339263916016, "total": 0.27181339263916016, "velocity": 0.34384235739707947, "velocity_raw": 1.6192936527659185e-05}, "normalization_elapsed_s": 5.648840988986194, "step": 7200, "total_elapsed_s": 5760.706536722952, "training_elapsed_s": 5755.057695733965}
