{
  "dt_100ps": {
    "bucket_id": "dt_100ps",
    "count": 15788032,
    "coordinate_mean": [
      -0.00021263850794639438,
      0.001043188851326704,
      0.000427926832344383
    ],
    "coordinate_std": [
      12.17697811126709,
      11.264618873596191,
      13.234342575073242
    ],
    "velocity_scale": 0.007676465158115838,
    "acceleration_scale": 0.0001270234338927651,
    "min_count": 32,
    "epsilon": 1e-06,
    "used_fallback": false
  }
}
{"checkpoint": "outputs/atlas_only_modified/ratio4_temporal/codec_step_00001000.pt", "log": "outputs/atlas_only_modified/ratio4_temporal/train_metrics.jsonl", "metrics": {"acceleration": 0.9662918448448181, "acceleration_raw": 1.5591073321274962e-08, "bond": 0.03703632205724716, "bucket_dt_100ps_acceleration": 0.9662918448448181, "bucket_dt_100ps_acceleration_raw": 1.5591073321274962e-08, "bucket_dt_100ps_velocity": 0.9519841074943542, "bucket_dt_100ps_velocity_raw": 5.609863001154736e-05, "coordinate": 0.5557596683502197, "local": 0.03703632205724716, "task_trajectory_total": 0.7066799402236938, "total": 0.7066799402236938, "velocity": 0.9519841074943542, "velocity_raw": 5.609863001154736e-05}, "step": 1000}
