{"batches": 25, "candidate": "ratio4_state_detail", "event": "statistics_progress", "schedule_hash": "5bde1b3c9491d8e661cd9007f6902dd5a6ea46a9fde6feb9cffed7b88040375c"}
{"batches": 50, "candidate": "ratio4_state_detail", "event": "statistics_progress", "schedule_hash": "5bde1b3c9491d8e661cd9007f6902dd5a6ea46a9fde6feb9cffed7b88040375c"}
{"batches": 75, "candidate": "ratio4_state_detail", "event": "statistics_progress", "schedule_hash": "5bde1b3c9491d8e661cd9007f6902dd5a6ea46a9fde6feb9cffed7b88040375c"}
{"batches": 100, "candidate": "ratio4_state_detail", "event": "statistics_progress", "schedule_hash": "5bde1b3c9491d8e661cd9007f6902dd5a6ea46a9fde6feb9cffed7b88040375c"}
{"batches": 125, "candidate": "ratio4_state_detail", "event": "statistics_progress", "schedule_hash": "5bde1b3c9491d8e661cd9007f6902dd5a6ea46a9fde6feb9cffed7b88040375c"}
{"batches": 150, "candidate": "ratio4_state_detail", "event": "statistics_progress", "schedule_hash": "5bde1b3c9491d8e661cd9007f6902dd5a6ea46a9fde6feb9cffed7b88040375c"}
{"batches": 175, "candidate": "ratio4_state_detail", "event": "statistics_progress", "schedule_hash": "5bde1b3c9491d8e661cd9007f6902dd5a6ea46a9fde6feb9cffed7b88040375c"}
{"batches": 200, "candidate": "ratio4_state_detail", "event": "statistics_progress", "schedule_hash": "5bde1b3c9491d8e661cd9007f6902dd5a6ea46a9fde6feb9cffed7b88040375c"}
{"batches": 225, "candidate": "ratio4_state_detail", "event": "statistics_progress", "schedule_hash": "5bde1b3c9491d8e661cd9007f6902dd5a6ea46a9fde6feb9cffed7b88040375c"}
{"batches": 250, "candidate": "ratio4_state_detail", "event": "statistics_progress", "schedule_hash": "5bde1b3c9491d8e661cd9007f6902dd5a6ea46a9fde6feb9cffed7b88040375c"}
{"batches": 275, "candidate": "ratio4_state_detail", "event": "statistics_progress", "schedule_hash": "5bde1b3c9491d8e661cd9007f6902dd5a6ea46a9fde6feb9cffed7b88040375c"}
{"batches": 300, "candidate": "ratio4_state_detail", "event": "statistics_progress", "schedule_hash": "5bde1b3c9491d8e661cd9007f6902dd5a6ea46a9fde6feb9cffed7b88040375c"}
{"batches": 325, "candidate": "ratio4_state_detail", "event": "statistics_progress", "schedule_hash": "5bde1b3c9491d8e661cd9007f6902dd5a6ea46a9fde6feb9cffed7b88040375c"}
{"batches": 350, "candidate": "ratio4_state_detail", "event": "statistics_progress", "schedule_hash": "5bde1b3c9491d8e661cd9007f6902dd5a6ea46a9fde6feb9cffed7b88040375c"}
{"batches": 375, "candidate": "ratio4_state_detail", "event": "statistics_progress", "schedule_hash": "5bde1b3c9491d8e661cd9007f6902dd5a6ea46a9fde6feb9cffed7b88040375c"}
{"batches": 400, "candidate": "ratio4_state_detail", "event": "statistics_progress", "schedule_hash": "5bde1b3c9491d8e661cd9007f6902dd5a6ea46a9fde6feb9cffed7b88040375c"}
{"batches": 425, "candidate": "ratio4_state_detail", "event": "statistics_progress", "schedule_hash": "5bde1b3c9491d8e661cd9007f6902dd5a6ea46a9fde6feb9cffed7b88040375c"}
{"batches": 450, "candidate": "ratio4_state_detail", "event": "statistics_progress", "schedule_hash": "5bde1b3c9491d8e661cd9007f6902dd5a6ea46a9fde6feb9cffed7b88040375c"}
{"batches": 475, "candidate": "ratio4_state_detail", "event": "statistics_progress", "schedule_hash": "5bde1b3c9491d8e661cd9007f6902dd5a6ea46a9fde6feb9cffed7b88040375c"}
{"batches": 500, "candidate": "ratio4_state_detail", "event": "statistics_progress", "schedule_hash": "5bde1b3c9491d8e661cd9007f6902dd5a6ea46a9fde6feb9cffed7b88040375c"}
{"batches": 525, "candidate": "ratio4_state_detail", "event": "statistics_progress", "schedule_hash": "5bde1b3c9491d8e661cd9007f6902dd5a6ea46a9fde6feb9cffed7b88040375c"}
{"batches": 550, "candidate": "ratio4_state_detail", "event": "statistics_progress", "schedule_hash": "5bde1b3c9491d8e661cd9007f6902dd5a6ea46a9fde6feb9cffed7b88040375c"}
{"batches": 575, "candidate": "ratio4_state_detail", "event": "statistics_progress", "schedule_hash": "5bde1b3c9491d8e661cd9007f6902dd5a6ea46a9fde6feb9cffed7b88040375c"}
{"batches": 600, "candidate": "ratio4_state_detail", "event": "statistics_progress", "schedule_hash": "5bde1b3c9491d8e661cd9007f6902dd5a6ea46a9fde6feb9cffed7b88040375c"}
{"batches": 625, "candidate": "ratio4_state_detail", "event": "statistics_progress", "schedule_hash": "5bde1b3c9491d8e661cd9007f6902dd5a6ea46a9fde6feb9cffed7b88040375c"}
{"batches": 650, "candidate": "ratio4_state_detail", "event": "statistics_progress", "schedule_hash": "5bde1b3c9491d8e661cd9007f6902dd5a6ea46a9fde6feb9cffed7b88040375c"}
{"batches": 675, "candidate": "ratio4_state_detail", "event": "statistics_progress", "schedule_hash": "5bde1b3c9491d8e661cd9007f6902dd5a6ea46a9fde6feb9cffed7b88040375c"}
{"batches": 700, "candidate": "ratio4_state_detail", "event": "statistics_progress", "schedule_hash": "5bde1b3c9491d8e661cd9007f6902dd5a6ea46a9fde6feb9cffed7b88040375c"}
{"batches": 725, "candidate": "ratio4_state_detail", "event": "statistics_progress", "schedule_hash": "5bde1b3c9491d8e661cd9007f6902dd5a6ea46a9fde6feb9cffed7b88040375c"}
{"batches": 750, "candidate": "ratio4_state_detail", "event": "statistics_progress", "schedule_hash": "5bde1b3c9491d8e661cd9007f6902dd5a6ea46a9fde6feb9cffed7b88040375c"}
{"batches": 775, "candidate": "ratio4_state_detail", "event": "statistics_progress", "schedule_hash": "5bde1b3c9491d8e661cd9007f6902dd5a6ea46a9fde6feb9cffed7b88040375c"}
{"batches": 800, "candidate": "ratio4_state_detail", "event": "statistics_progress", "schedule_hash": "5bde1b3c9491d8e661cd9007f6902dd5a6ea46a9fde6feb9cffed7b88040375c"}
{"batches": 825, "candidate": "ratio4_state_detail", "event": "statistics_progress", "schedule_hash": "5bde1b3c9491d8e661cd9007f6902dd5a6ea46a9fde6feb9cffed7b88040375c"}
{"batches": 850, "candidate": "ratio4_state_detail", "event": "statistics_progress", "schedule_hash": "5bde1b3c9491d8e661cd9007f6902dd5a6ea46a9fde6feb9cffed7b88040375c"}
{"batches": 875, "candidate": "ratio4_state_detail", "event": "statistics_progress", "schedule_hash": "5bde1b3c9491d8e661cd9007f6902dd5a6ea46a9fde6feb9cffed7b88040375c"}
{"batches": 900, "candidate": "ratio4_state_detail", "event": "statistics_progress", "schedule_hash": "5bde1b3c9491d8e661cd9007f6902dd5a6ea46a9fde6feb9cffed7b88040375c"}
{"batches": 925, "candidate": "ratio4_state_detail", "event": "statistics_progress", "schedule_hash": "5bde1b3c9491d8e661cd9007f6902dd5a6ea46a9fde6feb9cffed7b88040375c"}
{"batches": 950, "candidate": "ratio4_state_detail", "event": "statistics_progress", "schedule_hash": "5bde1b3c9491d8e661cd9007f6902dd5a6ea46a9fde6feb9cffed7b88040375c"}
{"batches": 975, "candidate": "ratio4_state_detail", "event": "statistics_progress", "schedule_hash": "5bde1b3c9491d8e661cd9007f6902dd5a6ea46a9fde6feb9cffed7b88040375c"}
{"batches": 1000, "candidate": "ratio4_state_detail", "event": "statistics_progress", "schedule_hash": "5bde1b3c9491d8e661cd9007f6902dd5a6ea46a9fde6feb9cffed7b88040375c"}
{"batches": 1025, "candidate": "ratio4_state_detail", "event": "statistics_progress", "schedule_hash": "5bde1b3c9491d8e661cd9007f6902dd5a6ea46a9fde6feb9cffed7b88040375c"}
{"batches": 1050, "candidate": "ratio4_state_detail", "event": "statistics_progress", "schedule_hash": "5bde1b3c9491d8e661cd9007f6902dd5a6ea46a9fde6feb9cffed7b88040375c"}
{"batches": 1075, "candidate": "ratio4_state_detail", "event": "statistics_progress", "schedule_hash": "5bde1b3c9491d8e661cd9007f6902dd5a6ea46a9fde6feb9cffed7b88040375c"}
{"batches": 1100, "candidate": "ratio4_state_detail", "event": "statistics_progress", "schedule_hash": "5bde1b3c9491d8e661cd9007f6902dd5a6ea46a9fde6feb9cffed7b88040375c"}
{"batches": 1125, "candidate": "ratio4_state_detail", "event": "statistics_progress", "schedule_hash": "5bde1b3c9491d8e661cd9007f6902dd5a6ea46a9fde6feb9cffed7b88040375c"}
{"batches": 1150, "candidate": "ratio4_state_detail", "event": "statistics_progress", "schedule_hash": "5bde1b3c9491d8e661cd9007f6902dd5a6ea46a9fde6feb9cffed7b88040375c"}
{"batches": 1175, "candidate": "ratio4_state_detail", "event": "statistics_progress", "schedule_hash": "5bde1b3c9491d8e661cd9007f6902dd5a6ea46a9fde6feb9cffed7b88040375c"}
{"batches": 1200, "candidate": "ratio4_state_detail", "event": "statistics_progress", "schedule_hash": "5bde1b3c9491d8e661cd9007f6902dd5a6ea46a9fde6feb9cffed7b88040375c"}
{"batches": 1225, "candidate": "ratio4_state_detail", "event": "statistics_progress", "schedule_hash": "5bde1b3c9491d8e661cd9007f6902dd5a6ea46a9fde6feb9cffed7b88040375c"}
{"batches": 1250, "candidate": "ratio4_state_detail", "event": "statistics_progress", "schedule_hash": "5bde1b3c9491d8e661cd9007f6902dd5a6ea46a9fde6feb9cffed7b88040375c"}
{"batches": 1275, "candidate": "ratio4_state_detail", "event": "statistics_progress", "schedule_hash": "5bde1b3c9491d8e661cd9007f6902dd5a6ea46a9fde6feb9cffed7b88040375c"}
{"batches": 1300, "candidate": "ratio4_state_detail", "event": "statistics_progress", "schedule_hash": "5bde1b3c9491d8e661cd9007f6902dd5a6ea46a9fde6feb9cffed7b88040375c"}
{"batches": 1325, "candidate": "ratio4_state_detail", "event": "statistics_progress", "schedule_hash": "5bde1b3c9491d8e661cd9007f6902dd5a6ea46a9fde6feb9cffed7b88040375c"}
{"batches": 1350, "candidate": "ratio4_state_detail", "event": "statistics_progress", "schedule_hash": "5bde1b3c9491d8e661cd9007f6902dd5a6ea46a9fde6feb9cffed7b88040375c"}
{"batches": 1375, "candidate": "ratio4_state_detail", "event": "statistics_progress", "schedule_hash": "5bde1b3c9491d8e661cd9007f6902dd5a6ea46a9fde6feb9cffed7b88040375c"}
{"batches": 1400, "candidate": "ratio4_state_detail", "event": "statistics_progress", "schedule_hash": "5bde1b3c9491d8e661cd9007f6902dd5a6ea46a9fde6feb9cffed7b88040375c"}
{"batches": 1425, "candidate": "ratio4_state_detail", "event": "statistics_progress", "schedule_hash": "5bde1b3c9491d8e661cd9007f6902dd5a6ea46a9fde6feb9cffed7b88040375c"}
{"batches": 1450, "candidate": "ratio4_state_detail", "event": "statistics_progress", "schedule_hash": "5bde1b3c9491d8e661cd9007f6902dd5a6ea46a9fde6feb9cffed7b88040375c"}
{"batches": 1475, "candidate": "ratio4_state_detail", "event": "statistics_progress", "schedule_hash": "5bde1b3c9491d8e661cd9007f6902dd5a6ea46a9fde6feb9cffed7b88040375c"}
{"batches": 1500, "candidate": "ratio4_state_detail", "event": "statistics_progress", "schedule_hash": "5bde1b3c9491d8e661cd9007f6902dd5a6ea46a9fde6feb9cffed7b88040375c"}
{"batches": 1525, "candidate": "ratio4_state_detail", "event": "statistics_progress", "schedule_hash": "5bde1b3c9491d8e661cd9007f6902dd5a6ea46a9fde6feb9cffed7b88040375c"}
{"batches": 1550, "candidate": "ratio4_state_detail", "event": "statistics_progress", "schedule_hash": "5bde1b3c9491d8e661cd9007f6902dd5a6ea46a9fde6feb9cffed7b88040375c"}
{"batches": 1575, "candidate": "ratio4_state_detail", "event": "statistics_progress", "schedule_hash": "5bde1b3c9491d8e661cd9007f6902dd5a6ea46a9fde6feb9cffed7b88040375c"}
{"batches": 1600, "candidate": "ratio4_state_detail", "event": "statistics_progress", "schedule_hash": "5bde1b3c9491d8e661cd9007f6902dd5a6ea46a9fde6feb9cffed7b88040375c"}
{"batches": 1625, "candidate": "ratio4_state_detail", "event": "statistics_progress", "schedule_hash": "5bde1b3c9491d8e661cd9007f6902dd5a6ea46a9fde6feb9cffed7b88040375c"}
{"batches": 1650, "candidate": "ratio4_state_detail", "event": "statistics_progress", "schedule_hash": "5bde1b3c9491d8e661cd9007f6902dd5a6ea46a9fde6feb9cffed7b88040375c"}
{"batches": 1675, "candidate": "ratio4_state_detail", "event": "statistics_progress", "schedule_hash": "5bde1b3c9491d8e661cd9007f6902dd5a6ea46a9fde6feb9cffed7b88040375c"}
{"batches": 1700, "candidate": "ratio4_state_detail", "event": "statistics_progress", "schedule_hash": "5bde1b3c9491d8e661cd9007f6902dd5a6ea46a9fde6feb9cffed7b88040375c"}
{"batches": 1725, "candidate": "ratio4_state_detail", "event": "statistics_progress", "schedule_hash": "5bde1b3c9491d8e661cd9007f6902dd5a6ea46a9fde6feb9cffed7b88040375c"}
{"batches": 1750, "candidate": "ratio4_state_detail", "event": "statistics_progress", "schedule_hash": "5bde1b3c9491d8e661cd9007f6902dd5a6ea46a9fde6feb9cffed7b88040375c"}
{"batches": 1775, "candidate": "ratio4_state_detail", "event": "statistics_progress", "schedule_hash": "5bde1b3c9491d8e661cd9007f6902dd5a6ea46a9fde6feb9cffed7b88040375c"}
{"batches": 1800, "candidate": "ratio4_state_detail", "event": "statistics_progress", "schedule_hash": "5bde1b3c9491d8e661cd9007f6902dd5a6ea46a9fde6feb9cffed7b88040375c"}
{"batches": 1825, "candidate": "ratio4_state_detail", "event": "statistics_progress", "schedule_hash": "5bde1b3c9491d8e661cd9007f6902dd5a6ea46a9fde6feb9cffed7b88040375c"}
{"batches": 1850, "candidate": "ratio4_state_detail", "event": "statistics_progress", "schedule_hash": "5bde1b3c9491d8e661cd9007f6902dd5a6ea46a9fde6feb9cffed7b88040375c"}
{"batches": 1875, "candidate": "ratio4_state_detail", "event": "statistics_progress", "schedule_hash": "5bde1b3c9491d8e661cd9007f6902dd5a6ea46a9fde6feb9cffed7b88040375c"}
{"batches": 1900, "candidate": "ratio4_state_detail", "event": "statistics_progress", "schedule_hash": "5bde1b3c9491d8e661cd9007f6902dd5a6ea46a9fde6feb9cffed7b88040375c"}
{"batches": 1925, "candidate": "ratio4_state_detail", "event": "statistics_progress", "schedule_hash": "5bde1b3c9491d8e661cd9007f6902dd5a6ea46a9fde6feb9cffed7b88040375c"}
{"batches": 1950, "candidate": "ratio4_state_detail", "event": "statistics_progress", "schedule_hash": "5bde1b3c9491d8e661cd9007f6902dd5a6ea46a9fde6feb9cffed7b88040375c"}
{"batches": 1975, "candidate": "ratio4_state_detail", "event": "statistics_progress", "schedule_hash": "5bde1b3c9491d8e661cd9007f6902dd5a6ea46a9fde6feb9cffed7b88040375c"}
{"batches": 2000, "candidate": "ratio4_state_detail", "event": "statistics_progress", "schedule_hash": "5bde1b3c9491d8e661cd9007f6902dd5a6ea46a9fde6feb9cffed7b88040375c"}
{"batches": 2025, "candidate": "ratio4_state_detail", "event": "statistics_progress", "schedule_hash": "5bde1b3c9491d8e661cd9007f6902dd5a6ea46a9fde6feb9cffed7b88040375c"}
{"batches": 2050, "candidate": "ratio4_state_detail", "event": "statistics_progress", "schedule_hash": "5bde1b3c9491d8e661cd9007f6902dd5a6ea46a9fde6feb9cffed7b88040375c"}
{"batches": 2075, "candidate": "ratio4_state_detail", "event": "statistics_progress", "schedule_hash": "5bde1b3c9491d8e661cd9007f6902dd5a6ea46a9fde6feb9cffed7b88040375c"}
{"batches": 2100, "candidate": "ratio4_state_detail", "event": "statistics_progress", "schedule_hash": "5bde1b3c9491d8e661cd9007f6902dd5a6ea46a9fde6feb9cffed7b88040375c"}
{"batches": 2125, "candidate": "ratio4_state_detail", "event": "statistics_progress", "schedule_hash": "5bde1b3c9491d8e661cd9007f6902dd5a6ea46a9fde6feb9cffed7b88040375c"}
{"batches": 2150, "candidate": "ratio4_state_detail", "event": "statistics_progress", "schedule_hash": "5bde1b3c9491d8e661cd9007f6902dd5a6ea46a9fde6feb9cffed7b88040375c"}
{"batches": 2175, "candidate": "ratio4_state_detail", "event": "statistics_progress", "schedule_hash": "5bde1b3c9491d8e661cd9007f6902dd5a6ea46a9fde6feb9cffed7b88040375c"}
{"batches": 2200, "candidate": "ratio4_state_detail", "event": "statistics_progress", "schedule_hash": "5bde1b3c9491d8e661cd9007f6902dd5a6ea46a9fde6feb9cffed7b88040375c"}
{"batches": 2225, "candidate": "ratio4_state_detail", "event": "statistics_progress", "schedule_hash": "5bde1b3c9491d8e661cd9007f6902dd5a6ea46a9fde6feb9cffed7b88040375c"}
{"batches": 2250, "candidate": "ratio4_state_detail", "event": "statistics_progress", "schedule_hash": "5bde1b3c9491d8e661cd9007f6902dd5a6ea46a9fde6feb9cffed7b88040375c"}
{"batches": 2275, "candidate": "ratio4_state_detail", "event": "statistics_progress", "schedule_hash": "5bde1b3c9491d8e661cd9007f6902dd5a6ea46a9fde6feb9cffed7b88040375c"}
{"batches": 2300, "candidate": "ratio4_state_detail", "event": "statistics_progress", "schedule_hash": "5bde1b3c9491d8e661cd9007f6902dd5a6ea46a9fde6feb9cffed7b88040375c"}
{"batches": 2325, "candidate": "ratio4_state_detail", "event": "statistics_progress", "schedule_hash": "5bde1b3c9491d8e661cd9007f6902dd5a6ea46a9fde6feb9cffed7b88040375c"}
{"batches": 2350, "candidate": "ratio4_state_detail", "event": "statistics_progress", "schedule_hash": "5bde1b3c9491d8e661cd9007f6902dd5a6ea46a9fde6feb9cffed7b88040375c"}
{"batches": 2375, "candidate": "ratio4_state_detail", "event": "statistics_progress", "schedule_hash": "5bde1b3c9491d8e661cd9007f6902dd5a6ea46a9fde6feb9cffed7b88040375c"}
{"batches": 2400, "candidate": "ratio4_state_detail", "event": "statistics_progress", "schedule_hash": "5bde1b3c9491d8e661cd9007f6902dd5a6ea46a9fde6feb9cffed7b88040375c"}
{"batches": 2425, "candidate": "ratio4_state_detail", "event": "statistics_progress", "schedule_hash": "5bde1b3c9491d8e661cd9007f6902dd5a6ea46a9fde6feb9cffed7b88040375c"}
{"batches": 2450, "candidate": "ratio4_state_detail", "event": "statistics_progress", "schedule_hash": "5bde1b3c9491d8e661cd9007f6902dd5a6ea46a9fde6feb9cffed7b88040375c"}
{"batches": 2475, "candidate": "ratio4_state_detail", "event": "statistics_progress", "schedule_hash": "5bde1b3c9491d8e661cd9007f6902dd5a6ea46a9fde6feb9cffed7b88040375c"}
{"batches": 2500, "candidate": "ratio4_state_detail", "event": "statistics_progress", "schedule_hash": "5bde1b3c9491d8e661cd9007f6902dd5a6ea46a9fde6feb9cffed7b88040375c"}
{"batches": 2525, "candidate": "ratio4_state_detail", "event": "statistics_progress", "schedule_hash": "5bde1b3c9491d8e661cd9007f6902dd5a6ea46a9fde6feb9cffed7b88040375c"}
{"batches": 2550, "candidate": "ratio4_state_detail", "event": "statistics_progress", "schedule_hash": "5bde1b3c9491d8e661cd9007f6902dd5a6ea46a9fde6feb9cffed7b88040375c"}
{"batches": 2575, "candidate": "ratio4_state_detail", "event": "statistics_progress", "schedule_hash": "5bde1b3c9491d8e661cd9007f6902dd5a6ea46a9fde6feb9cffed7b88040375c"}
{"batches": 2600, "candidate": "ratio4_state_detail", "event": "statistics_progress", "schedule_hash": "5bde1b3c9491d8e661cd9007f6902dd5a6ea46a9fde6feb9cffed7b88040375c"}
{"batches": 2625, "candidate": "ratio4_state_detail", "event": "statistics_progress", "schedule_hash": "5bde1b3c9491d8e661cd9007f6902dd5a6ea46a9fde6feb9cffed7b88040375c"}
{"batches": 2650, "candidate": "ratio4_state_detail", "event": "statistics_progress", "schedule_hash": "5bde1b3c9491d8e661cd9007f6902dd5a6ea46a9fde6feb9cffed7b88040375c"}
{"batches": 2675, "candidate": "ratio4_state_detail", "event": "statistics_progress", "schedule_hash": "5bde1b3c9491d8e661cd9007f6902dd5a6ea46a9fde6feb9cffed7b88040375c"}
{"batches": 2700, "candidate": "ratio4_state_detail", "event": "statistics_progress", "schedule_hash": "5bde1b3c9491d8e661cd9007f6902dd5a6ea46a9fde6feb9cffed7b88040375c"}
{"batches": 2725, "candidate": "ratio4_state_detail", "event": "statistics_progress", "schedule_hash": "5bde1b3c9491d8e661cd9007f6902dd5a6ea46a9fde6feb9cffed7b88040375c"}
{"batches": 2750, "candidate": "ratio4_state_detail", "event": "statistics_progress", "schedule_hash": "5bde1b3c9491d8e661cd9007f6902dd5a6ea46a9fde6feb9cffed7b88040375c"}
{"batches": 2775, "candidate": "ratio4_state_detail", "event": "statistics_progress", "schedule_hash": "5bde1b3c9491d8e661cd9007f6902dd5a6ea46a9fde6feb9cffed7b88040375c"}
{"batches": 2800, "candidate": "ratio4_state_detail", "event": "statistics_progress", "schedule_hash": "5bde1b3c9491d8e661cd9007f6902dd5a6ea46a9fde6feb9cffed7b88040375c"}
{"batches": 2825, "candidate": "ratio4_state_detail", "event": "statistics_progress", "schedule_hash": "5bde1b3c9491d8e661cd9007f6902dd5a6ea46a9fde6feb9cffed7b88040375c"}
{"batches": 2850, "candidate": "ratio4_state_detail", "event": "statistics_progress", "schedule_hash": "5bde1b3c9491d8e661cd9007f6902dd5a6ea46a9fde6feb9cffed7b88040375c"}
{"batches": 2875, "candidate": "ratio4_state_detail", "event": "statistics_progress", "schedule_hash": "5bde1b3c9491d8e661cd9007f6902dd5a6ea46a9fde6feb9cffed7b88040375c"}
{"batches": 2900, "candidate": "ratio4_state_detail", "event": "statistics_progress", "schedule_hash": "5bde1b3c9491d8e661cd9007f6902dd5a6ea46a9fde6feb9cffed7b88040375c"}
{"batches": 2925, "candidate": "ratio4_state_detail", "event": "statistics_progress", "schedule_hash": "5bde1b3c9491d8e661cd9007f6902dd5a6ea46a9fde6feb9cffed7b88040375c"}
{"batches": 2950, "candidate": "ratio4_state_detail", "event": "statistics_progress", "schedule_hash": "5bde1b3c9491d8e661cd9007f6902dd5a6ea46a9fde6feb9cffed7b88040375c"}
{"batches": 2975, "candidate": "ratio4_state_detail", "event": "statistics_progress", "schedule_hash": "5bde1b3c9491d8e661cd9007f6902dd5a6ea46a9fde6feb9cffed7b88040375c"}
{"batches": 3000, "candidate": "ratio4_state_detail", "event": "statistics_progress", "schedule_hash": "5bde1b3c9491d8e661cd9007f6902dd5a6ea46a9fde6feb9cffed7b88040375c"}
{"batches": 3025, "candidate": "ratio4_state_detail", "event": "statistics_progress", "schedule_hash": "5bde1b3c9491d8e661cd9007f6902dd5a6ea46a9fde6feb9cffed7b88040375c"}
{"batches": 3050, "candidate": "ratio4_state_detail", "event": "statistics_progress", "schedule_hash": "5bde1b3c9491d8e661cd9007f6902dd5a6ea46a9fde6feb9cffed7b88040375c"}
{"batches": 3075, "candidate": "ratio4_state_detail", "event": "statistics_progress", "schedule_hash": "5bde1b3c9491d8e661cd9007f6902dd5a6ea46a9fde6feb9cffed7b88040375c"}
{"batches": 3100, "candidate": "ratio4_state_detail", "event": "statistics_progress", "schedule_hash": "5bde1b3c9491d8e661cd9007f6902dd5a6ea46a9fde6feb9cffed7b88040375c"}
{"batches": 3125, "candidate": "ratio4_state_detail", "event": "statistics_progress", "schedule_hash": "5bde1b3c9491d8e661cd9007f6902dd5a6ea46a9fde6feb9cffed7b88040375c"}
{"batches": 3150, "candidate": "ratio4_state_detail", "event": "statistics_progress", "schedule_hash": "5bde1b3c9491d8e661cd9007f6902dd5a6ea46a9fde6feb9cffed7b88040375c"}
{"batches": 3175, "candidate": "ratio4_state_detail", "event": "statistics_progress", "schedule_hash": "5bde1b3c9491d8e661cd9007f6902dd5a6ea46a9fde6feb9cffed7b88040375c"}
{"batches": 3200, "candidate": "ratio4_state_detail", "event": "statistics_progress", "schedule_hash": "5bde1b3c9491d8e661cd9007f6902dd5a6ea46a9fde6feb9cffed7b88040375c"}
{"batches": 3225, "candidate": "ratio4_state_detail", "event": "statistics_progress", "schedule_hash": "5bde1b3c9491d8e661cd9007f6902dd5a6ea46a9fde6feb9cffed7b88040375c"}
{"batches": 3250, "candidate": "ratio4_state_detail", "event": "statistics_progress", "schedule_hash": "5bde1b3c9491d8e661cd9007f6902dd5a6ea46a9fde6feb9cffed7b88040375c"}
{"batches": 3275, "candidate": "ratio4_state_detail", "event": "statistics_progress", "schedule_hash": "5bde1b3c9491d8e661cd9007f6902dd5a6ea46a9fde6feb9cffed7b88040375c"}
{"batches": 3300, "candidate": "ratio4_state_detail", "event": "statistics_progress", "schedule_hash": "5bde1b3c9491d8e661cd9007f6902dd5a6ea46a9fde6feb9cffed7b88040375c"}
{"batches": 3325, "candidate": "ratio4_state_detail", "event": "statistics_progress", "schedule_hash": "5bde1b3c9491d8e661cd9007f6902dd5a6ea46a9fde6feb9cffed7b88040375c"}
{"batches": 3350, "candidate": "ratio4_state_detail", "event": "statistics_progress", "schedule_hash": "5bde1b3c9491d8e661cd9007f6902dd5a6ea46a9fde6feb9cffed7b88040375c"}
{"batches": 3375, "candidate": "ratio4_state_detail", "event": "statistics_progress", "schedule_hash": "5bde1b3c9491d8e661cd9007f6902dd5a6ea46a9fde6feb9cffed7b88040375c"}
{"batches": 3400, "candidate": "ratio4_state_detail", "event": "statistics_progress", "schedule_hash": "5bde1b3c9491d8e661cd9007f6902dd5a6ea46a9fde6feb9cffed7b88040375c"}
{"batches": 3425, "candidate": "ratio4_state_detail", "event": "statistics_progress", "schedule_hash": "5bde1b3c9491d8e661cd9007f6902dd5a6ea46a9fde6feb9cffed7b88040375c"}
{"batches": 3450, "candidate": "ratio4_state_detail", "event": "statistics_progress", "schedule_hash": "5bde1b3c9491d8e661cd9007f6902dd5a6ea46a9fde6feb9cffed7b88040375c"}
{"batches": 3475, "candidate": "ratio4_state_detail", "event": "statistics_progress", "schedule_hash": "5bde1b3c9491d8e661cd9007f6902dd5a6ea46a9fde6feb9cffed7b88040375c"}
{"batches": 3500, "candidate": "ratio4_state_detail", "event": "statistics_progress", "schedule_hash": "5bde1b3c9491d8e661cd9007f6902dd5a6ea46a9fde6feb9cffed7b88040375c"}
{"batches": 3525, "candidate": "ratio4_state_detail", "event": "statistics_progress", "schedule_hash": "5bde1b3c9491d8e661cd9007f6902dd5a6ea46a9fde6feb9cffed7b88040375c"}
{"batches": 3550, "candidate": "ratio4_state_detail", "event": "statistics_progress", "schedule_hash": "5bde1b3c9491d8e661cd9007f6902dd5a6ea46a9fde6feb9cffed7b88040375c"}
{"batches": 3575, "candidate": "ratio4_state_detail", "event": "statistics_progress", "schedule_hash": "5bde1b3c9491d8e661cd9007f6902dd5a6ea46a9fde6feb9cffed7b88040375c"}
{"batches": 3600, "candidate": "ratio4_state_detail", "event": "statistics_progress", "schedule_hash": "5bde1b3c9491d8e661cd9007f6902dd5a6ea46a9fde6feb9cffed7b88040375c"}
{"batches": 3625, "candidate": "ratio4_state_detail", "event": "statistics_progress", "schedule_hash": "5bde1b3c9491d8e661cd9007f6902dd5a6ea46a9fde6feb9cffed7b88040375c"}
{"batches": 3650, "candidate": "ratio4_state_detail", "event": "statistics_progress", "schedule_hash": "5bde1b3c9491d8e661cd9007f6902dd5a6ea46a9fde6feb9cffed7b88040375c"}
{"batches": 3675, "candidate": "ratio4_state_detail", "event": "statistics_progress", "schedule_hash": "5bde1b3c9491d8e661cd9007f6902dd5a6ea46a9fde6feb9cffed7b88040375c"}
{"batches": 3700, "candidate": "ratio4_state_detail", "event": "statistics_progress", "schedule_hash": "5bde1b3c9491d8e661cd9007f6902dd5a6ea46a9fde6feb9cffed7b88040375c"}
{"batches": 3725, "candidate": "ratio4_state_detail", "event": "statistics_progress", "schedule_hash": "5bde1b3c9491d8e661cd9007f6902dd5a6ea46a9fde6feb9cffed7b88040375c"}
{"batches": 3750, "candidate": "ratio4_state_detail", "event": "statistics_progress", "schedule_hash": "5bde1b3c9491d8e661cd9007f6902dd5a6ea46a9fde6feb9cffed7b88040375c"}
{"batches": 3775, "candidate": "ratio4_state_detail", "event": "statistics_progress", "schedule_hash": "5bde1b3c9491d8e661cd9007f6902dd5a6ea46a9fde6feb9cffed7b88040375c"}
{"batches": 3800, "candidate": "ratio4_state_detail", "event": "statistics_progress", "schedule_hash": "5bde1b3c9491d8e661cd9007f6902dd5a6ea46a9fde6feb9cffed7b88040375c"}
{"batches": 3825, "candidate": "ratio4_state_detail", "event": "statistics_progress", "schedule_hash": "5bde1b3c9491d8e661cd9007f6902dd5a6ea46a9fde6feb9cffed7b88040375c"}
{"batches": 3850, "candidate": "ratio4_state_detail", "event": "statistics_progress", "schedule_hash": "5bde1b3c9491d8e661cd9007f6902dd5a6ea46a9fde6feb9cffed7b88040375c"}
{"batches": 3875, "candidate": "ratio4_state_detail", "event": "statistics_progress", "schedule_hash": "5bde1b3c9491d8e661cd9007f6902dd5a6ea46a9fde6feb9cffed7b88040375c"}
{"batches": 3900, "candidate": "ratio4_state_detail", "event": "statistics_progress", "schedule_hash": "5bde1b3c9491d8e661cd9007f6902dd5a6ea46a9fde6feb9cffed7b88040375c"}
{"batches": 3925, "candidate": "ratio4_state_detail", "event": "statistics_progress", "schedule_hash": "5bde1b3c9491d8e661cd9007f6902dd5a6ea46a9fde6feb9cffed7b88040375c"}
{"batches": 3950, "candidate": "ratio4_state_detail", "event": "statistics_progress", "schedule_hash": "5bde1b3c9491d8e661cd9007f6902dd5a6ea46a9fde6feb9cffed7b88040375c"}
{"batches": 3975, "candidate": "ratio4_state_detail", "event": "statistics_progress", "schedule_hash": "5bde1b3c9491d8e661cd9007f6902dd5a6ea46a9fde6feb9cffed7b88040375c"}
{"batches": 4000, "candidate": "ratio4_state_detail", "event": "statistics_progress", "schedule_hash": "5bde1b3c9491d8e661cd9007f6902dd5a6ea46a9fde6feb9cffed7b88040375c"}
{"batches": 4025, "candidate": "ratio4_state_detail", "event": "statistics_progress", "schedule_hash": "5bde1b3c9491d8e661cd9007f6902dd5a6ea46a9fde6feb9cffed7b88040375c"}
{"batches": 4050, "candidate": "ratio4_state_detail", "event": "statistics_progress", "schedule_hash": "5bde1b3c9491d8e661cd9007f6902dd5a6ea46a9fde6feb9cffed7b88040375c"}
{"batches": 4075, "candidate": "ratio4_state_detail", "event": "statistics_progress", "schedule_hash": "5bde1b3c9491d8e661cd9007f6902dd5a6ea46a9fde6feb9cffed7b88040375c"}
Traceback (most recent call last):
  File "/workspace/molvid-dit-state-detail-pilot-v1/scripts/run_state_detail_dit_pilot.py", line 1305, in <module>
    main()
  File "/workspace/molvid-dit-state-detail-pilot-v1/scripts/run_state_detail_dit_pilot.py", line 1300, in main
    result = run_pilot(args)
             ^^^^^^^^^^^^^^^
  File "/workspace/molvid-dit-state-detail-pilot-v1/scripts/run_state_detail_dit_pilot.py", line 1087, in run_pilot
    raise RuntimeError("training schedule hash changed")
RuntimeError: training schedule hash changed
