{
  "checkpoints": {
    "candidate": {
      "path": "/workspace/molvid-dit-architecture-sequential-v1/outputs/dit_architecture_sequential_v1/20260914_r4_architecture_sequential_v1/round4/candidate/checkpoint_final.pt",
      "sha256": "965641950429e63b6dc6b40849e36f0731f106518e5d2abe419611706c74abc8"
    },
    "control": {
      "path": "/workspace/molvid-dit-architecture-sequential-v1/outputs/dit_architecture_sequential_v1/20260914_r4_architecture_sequential_v1/round4/control/checkpoint_final.pt",
      "sha256": "994e69e653159db0a3af3101ea8f0cae690a754dcbd8d09ec897c2649d26f2e6"
    }
  },
  "clean_guardrails": {
    "H4": {
      "amplitude_relative_change": -0.0023559545491454456,
      "bond_relative_change": -0.00029778146928565255,
      "contact_f1_change": -0.0009627691817384321
    },
    "H8": {
      "amplitude_relative_change": 0.0005169567121555538,
      "bond_relative_change": -0.0025636218696820593,
      "contact_f1_change": -0.00045378078641677977
    }
  },
  "clean_guardrails_pass": true,
  "code": {
    "files": {
      "config/dit_architecture_sequential_v1.neibu.yaml": "a16263f2fc40f292a51333c65049bab87f87defa88f0010c752e0519f241356a",
      "config/dit_architecture_sequential_v1.yaml": "45c117c6e52904040bf5dd0be06afa77a95451861de13ba00a5deb45f6573de1",
      "evaluation/dit_architecture_sequential_v1.py": "eabbdf4c09509d6dff522664ae14086cbf3d2cd76799c0d9487a49c4f3014195",
      "module/dit_geometry_supervision.py": "483f1505b90d9d5b39414881919357bd6c6b294acb079b2e6bb52e5f3cd1f914",
      "module/dit_history_corruption.py": "a5d01810e582ed5c5a812f79a449587511e866f9aac7efb1b7d5adef880dbcbe",
      "scripts/run_dit_architecture_round2.py": "0d7a5e574ab22bafc4170bb1e8dfb2aba3906dd2f83d69a9e5c984e8c402d492",
      "scripts/run_dit_architecture_round4.py": "1f7088f6141efb4dfc8de3b665983ae30122cff6c9ba00dbe05d20ee0a32caa9",
      "scripts/run_dit_architecture_sequential_v1.py": "301b6b448e9d704bab8ceed4aa0c7c71ce7568ce856e1c460305aca537d670ae",
      "tests/test_dit_architecture_round4_cuda.py": "0edd1bc8be5010a60665d0a81de0a1bedfc0a6ce02f1515d79f3a36c7e401c1e"
    },
    "head": "16e037abe1f7cfff71b6fd7d5cd38ff50afe4643",
    "source_hash": "b3ac2813a4de8e0a93af6fc75f521d6ac5c10a038c16b4db2d109286391ed416"
  },
  "codec_state_hash": "9a30e3838403cbd9f2cfa7344276cbdc7a8176d75ce5d4da028a3ea39ec390b9",
  "config_hash": "4757ca6dba68019b2b66796f0d130245ec92a2d362cf9a1b6e2db6dbd66a98be",
  "data_hash": "9daaf83fe5ee862634f7d1d3530e730adb4a8529ed37a2bc2fd330304ebfe184",
  "evaluation_scope": "quick",
  "future_atom_frame_tokens_per_arm": 142319624,
  "gpu_hours": 9.91288552649759,
  "initialization_hash": "b6ed3d56b6c66370c65bf2c7c9ad1a56da505470813eb23d00c7a50c05bbe6c2",
  "next_command": null,
  "parent_checkpoint": "/workspace/molvid-dit-architecture-sequential-v1/outputs/dit_architecture_sequential_v1/20260914_r4_architecture_sequential_v1/round2/candidate/checkpoint_final.pt",
  "parent_checkpoint_sha256": "7fec9b339201765572ddadf0c64892fe9b7db7f59fdc8148b6f5c4036f514e34",
  "primary_metric": "E_roll_bond: mean max(0, bond_generated_prefix - bond_true_prefix) over rollout sections 2 and 3",
  "reason": "error-corrupted history training did not reduce paired generated-prefix extra bond degradation",
  "remaining_risk": "one seed and a 32-frame diagnostic; this does not establish long-rollout stability or a scaling law",
  "rollout_comparison": {
    "candidate_mean_E_roll_bond": 0.14970361917250027,
    "control_mean_E_roll_bond": 0.14553869650206747,
    "extra_contact_f1_error_candidate": 0.04564031883960926,
    "extra_contact_f1_error_control": 0.04545149614168374,
    "per_system_candidate": {
      "atlas_2ejn_B": 0.15500715583144642,
      "atlas_3f0o_B": 0.14312635060391815,
      "atlas_3hdj_B": 0.14933042493315524,
      "atlas_3l4h_A": 0.14078364608605062,
      "atlas_3rv1_B": 0.1700261170226714,
      "atlas_5ef9_A": 0.1425834836316084,
      "atlas_5ii7_A": 0.14244638011385533,
      "atlas_6xb3_H": 0.15432539515729676
    },
    "per_system_control": {
      "atlas_2ejn_B": 0.15637343988056104,
      "atlas_3f0o_B": 0.1416880730081825,
      "atlas_3hdj_B": 0.14642027107914,
      "atlas_3l4h_A": 0.14489286460735162,
      "atlas_3rv1_B": 0.15389289843035592,
      "atlas_5ef9_A": 0.13904646681212024,
      "atlas_5ii7_A": 0.13907675364842745,
      "atlas_6xb3_H": 0.14291880455040107
    },
    "relative_improvement": -0.02861728715822079,
    "systems_same_direction": 2,
    "true_prefix_bond_candidate": 0.464485114795237,
    "true_prefix_bond_control": 0.46549668058950805,
    "true_prefix_bond_relative_change": -0.0021730891678754323
  },
  "round": 4,
  "schema": "pvb.dit.architecture_sequential.v1.decision.v1",
  "selected_arm": "control",
  "selected_checkpoint": "/workspace/molvid-dit-architecture-sequential-v1/outputs/dit_architecture_sequential_v1/20260914_r4_architecture_sequential_v1/round4/control/checkpoint_final.pt",
  "selected_checkpoint_sha256": "994e69e653159db0a3af3101ea8f0cae690a754dcbd8d09ec897c2649d26f2e6",
  "statistics_hash": "863c1894bac27c6fa121eaaa635961e44c37cc95c9f55b3fb371b4fb0bab778d",
  "status": "REJECT",
  "successful_updates_per_arm": 5000,
  "test_payload_opened": false,
  "true_prefix_rollout_confounded": false,
  "unique_variable": "same selected R2 parent and geometry auxiliary; only online observed-history coordinate corruption differs"
}
