{"selection": {"batches": 32, "by_bucket": {"dt_100ps": 20, "dt_80ps": 28}, "samples": 48}}
{"cuda": "12.1", "device": "cuda:0", "torch": "2.5.1+cu121"}
{"checkpoint": "/data1/repo/PVB/ckpt/misato_from_author_pretrain/version_0/checkpoint/epoch1_step4.ckpt", "checkpoint_sha256": "777a3695dd7af62aafb58547bb24ee303a7989663c434ba17ca8ba9a2ea1909e", "model_class": "module.model.dyVAE", "model_k_neighbors": 32, "model_using_ode": false}
{"atoms": 2466, "bucket": "dt_100ps", "elapsed_s": 10.583070903085172, "one_step_rmsd": 1.886492666279288, "rollout_future_rmsd": 3.834005766783165, "sample": 1, "sample_id": "atlas_3bl9_A_R1_w000000", "total": 48}
{"atoms": 2466, "bucket": "dt_100ps", "elapsed_s": 9.8062570419861, "one_step_rmsd": 2.154609609057717, "rollout_future_rmsd": 2.5862561170783143, "sample": 2, "sample_id": "atlas_3bl9_A_R1_w000001", "total": 48}
{"atoms": 3166, "bucket": "dt_80ps", "elapsed_s": 12.549153632950038, "one_step_rmsd": 1.3304472871707937, "rollout_future_rmsd": 1.8495221706566176, "sample": 3, "sample_id": "misato_4U03_w000000", "total": 48}
{"atoms": 3166, "bucket": "dt_80ps", "elapsed_s": 12.506065426045097, "one_step_rmsd": 1.195460191964542, "rollout_future_rmsd": 1.9139881353140105, "sample": 4, "sample_id": "misato_4U03_w000001", "total": 48}
{"atoms": 3166, "bucket": "dt_80ps", "elapsed_s": 12.414813201059587, "one_step_rmsd": 1.3210054644429041, "rollout_future_rmsd": 1.6904966802781642, "sample": 5, "sample_id": "misato_4U03_w000002", "total": 48}
{"atoms": 2466, "bucket": "dt_100ps", "elapsed_s": 9.444341673981398, "one_step_rmsd": 1.8585241598960935, "rollout_future_rmsd": 2.8597378526601873, "sample": 6, "sample_id": "atlas_3bl9_A_R1_w000002", "total": 48}
{"atoms": 2466, "bucket": "dt_100ps", "elapsed_s": 9.445264848996885, "one_step_rmsd": 2.5466984412655984, "rollout_future_rmsd": 3.61091244142917, "sample": 7, "sample_id": "atlas_3bl9_A_R1_w000003", "total": 48}
{"atoms": 3166, "bucket": "dt_80ps", "elapsed_s": 12.292533754953183, "one_step_rmsd": 1.2703580540821116, "rollout_future_rmsd": 1.9039680079609387, "sample": 8, "sample_id": "misato_4U03_w000003", "total": 48}
{"atoms": 2466, "bucket": "dt_100ps", "elapsed_s": 9.451264085015282, "one_step_rmsd": 2.080304372598829, "rollout_future_rmsd": 4.179750474116715, "sample": 9, "sample_id": "atlas_3bl9_A_R1_w000004", "total": 48}
{"atoms": 2466, "bucket": "dt_100ps", "elapsed_s": 9.450811435934156, "one_step_rmsd": 2.032129654780396, "rollout_future_rmsd": 3.91708689660495, "sample": 10, "sample_id": "atlas_3bl9_A_R1_w000005", "total": 48}
{"atoms": 3166, "bucket": "dt_80ps", "elapsed_s": 12.24334317096509, "one_step_rmsd": 1.3633306106331895, "rollout_future_rmsd": 1.7714006599741172, "sample": 11, "sample_id": "misato_4U03_w000004", "total": 48}
{"atoms": 3166, "bucket": "dt_80ps", "elapsed_s": 12.229853886994533, "one_step_rmsd": 1.3615474661048967, "rollout_future_rmsd": 1.691805045883892, "sample": 12, "sample_id": "misato_4U03_w000005", "total": 48}
{"atoms": 3150, "bucket": "dt_80ps", "elapsed_s": 12.05786313104909, "one_step_rmsd": 1.260472819230829, "rollout_future_rmsd": 2.0703376048743207, "sample": 13, "sample_id": "misato_5ZU0_w000000", "total": 48}
{"atoms": 3150, "bucket": "dt_80ps", "elapsed_s": 12.040774783934467, "one_step_rmsd": 1.3870741267923852, "rollout_future_rmsd": 1.8791869780576884, "sample": 14, "sample_id": "misato_5ZU0_w000001", "total": 48}
{"atoms": 2466, "bucket": "dt_100ps", "elapsed_s": 9.3943265019916, "one_step_rmsd": 1.5816013081629605, "rollout_future_rmsd": 3.6536154098857327, "sample": 15, "sample_id": "atlas_3bl9_A_R1_w000006", "total": 48}
{"atoms": 2466, "bucket": "dt_100ps", "elapsed_s": 9.490418305969797, "one_step_rmsd": 2.214397513296407, "rollout_future_rmsd": 3.6543910851865884, "sample": 16, "sample_id": "atlas_3bl9_A_R1_w000007", "total": 48}
{"atoms": 3150, "bucket": "dt_80ps", "elapsed_s": 12.108895023004152, "one_step_rmsd": 1.503109649135694, "rollout_future_rmsd": 1.953822690327827, "sample": 17, "sample_id": "misato_5ZU0_w000002", "total": 48}
{"atoms": 3150, "bucket": "dt_80ps", "elapsed_s": 12.097796899965033, "one_step_rmsd": 1.271214704145466, "rollout_future_rmsd": 1.8938675494583452, "sample": 18, "sample_id": "misato_5ZU0_w000003", "total": 48}
{"atoms": 2466, "bucket": "dt_100ps", "elapsed_s": 9.435463413014077, "one_step_rmsd": 2.0709676605602576, "rollout_future_rmsd": 3.702943177729066, "sample": 19, "sample_id": "atlas_3bl9_A_R1_w000008", "total": 48}
{"atoms": 2466, "bucket": "dt_100ps", "elapsed_s": 9.440616823965684, "one_step_rmsd": 1.7661219209855719, "rollout_future_rmsd": 4.51229915436103, "sample": 20, "sample_id": "atlas_3bl9_A_R1_w000009", "total": 48}
{"atoms": 3150, "bucket": "dt_80ps", "elapsed_s": 12.100253283046186, "one_step_rmsd": 1.2789761439701632, "rollout_future_rmsd": 1.8446579976463495, "sample": 21, "sample_id": "misato_5ZU0_w000004", "total": 48}
{"atoms": 3150, "bucket": "dt_80ps", "elapsed_s": 12.098370887921192, "one_step_rmsd": 1.4036559020219763, "rollout_future_rmsd": 1.8774632486131888, "sample": 22, "sample_id": "misato_5ZU0_w000005", "total": 48}
{"atoms": 3218, "bucket": "dt_80ps", "elapsed_s": 12.347771439002827, "one_step_rmsd": 1.207090654115047, "rollout_future_rmsd": 1.9625652593951222, "sample": 23, "sample_id": "misato_4DCV_w000000", "total": 48}
{"atoms": 3218, "bucket": "dt_80ps", "elapsed_s": 12.329746352974325, "one_step_rmsd": 1.277427553933332, "rollout_future_rmsd": 1.9854873182996007, "sample": 24, "sample_id": "misato_4DCV_w000001", "total": 48}
{"atoms": 2466, "bucket": "dt_100ps", "elapsed_s": 9.744066398008727, "one_step_rmsd": 1.8469149047878042, "rollout_future_rmsd": 2.348997827664504, "sample": 25, "sample_id": "atlas_3bl9_A_R1_w000010", "total": 48}
{"atoms": 2466, "bucket": "dt_100ps", "elapsed_s": 9.56912530597765, "one_step_rmsd": 1.7034116731210338, "rollout_future_rmsd": 3.08974837627379, "sample": 26, "sample_id": "atlas_3bl9_A_R1_w000011", "total": 48}
{"atoms": 3218, "bucket": "dt_80ps", "elapsed_s": 12.379216141067445, "one_step_rmsd": 1.3391322256872715, "rollout_future_rmsd": 1.8907799775469465, "sample": 27, "sample_id": "misato_4DCV_w000002", "total": 48}
{"atoms": 3218, "bucket": "dt_80ps", "elapsed_s": 12.345585527014919, "one_step_rmsd": 1.2639615936933075, "rollout_future_rmsd": 1.7121546348318104, "sample": 28, "sample_id": "misato_4DCV_w000003", "total": 48}
{"atoms": 3218, "bucket": "dt_80ps", "elapsed_s": 12.344414177001454, "one_step_rmsd": 1.270797708147508, "rollout_future_rmsd": 1.8270713182298586, "sample": 29, "sample_id": "misato_4DCV_w000004", "total": 48}
{"atoms": 2466, "bucket": "dt_100ps", "elapsed_s": 9.409377107047476, "one_step_rmsd": 1.5983897719431166, "rollout_future_rmsd": 3.1028206144870887, "sample": 30, "sample_id": "atlas_3bl9_A_R1_w000012", "total": 48}
{"atoms": 2466, "bucket": "dt_100ps", "elapsed_s": 9.405927816056646, "one_step_rmsd": 1.640013662606991, "rollout_future_rmsd": 3.0944807942704053, "sample": 31, "sample_id": "atlas_3bl9_A_R1_w000013", "total": 48}
{"atoms": 2466, "bucket": "dt_100ps", "elapsed_s": 9.397669128025882, "one_step_rmsd": 2.0434114694928147, "rollout_future_rmsd": 3.6915128177821757, "sample": 32, "sample_id": "atlas_3bl9_A_R1_w000014", "total": 48}
{"atoms": 2466, "bucket": "dt_100ps", "elapsed_s": 9.369779561995529, "one_step_rmsd": 1.7907757946916856, "rollout_future_rmsd": 3.801067533620207, "sample": 33, "sample_id": "atlas_3bl9_A_R1_w000015", "total": 48}
{"atoms": 3218, "bucket": "dt_80ps", "elapsed_s": 12.365986110060476, "one_step_rmsd": 1.224907651651155, "rollout_future_rmsd": 1.832443809012065, "sample": 34, "sample_id": "misato_4DCV_w000005", "total": 48}
{"atoms": 2334, "bucket": "dt_80ps", "elapsed_s": 9.16432508698199, "one_step_rmsd": 1.366150293647135, "rollout_future_rmsd": 1.7033285316852493, "sample": 35, "sample_id": "misato_5HJQ_w000000", "total": 48}
{"atoms": 2334, "bucket": "dt_80ps", "elapsed_s": 9.143557756906375, "one_step_rmsd": 1.2378089076112595, "rollout_future_rmsd": 1.6964007984842204, "sample": 36, "sample_id": "misato_5HJQ_w000001", "total": 48}
{"atoms": 2334, "bucket": "dt_80ps", "elapsed_s": 9.111147257965058, "one_step_rmsd": 1.2374849857999333, "rollout_future_rmsd": 1.6127160215948106, "sample": 37, "sample_id": "misato_5HJQ_w000002", "total": 48}
{"atoms": 2334, "bucket": "dt_80ps", "elapsed_s": 9.104349358007312, "one_step_rmsd": 1.1602200577268453, "rollout_future_rmsd": 1.610905706349048, "sample": 38, "sample_id": "misato_5HJQ_w000003", "total": 48}
{"atoms": 2334, "bucket": "dt_80ps", "elapsed_s": 9.09371648891829, "one_step_rmsd": 1.3357959248442501, "rollout_future_rmsd": 1.7130426145865865, "sample": 39, "sample_id": "misato_5HJQ_w000004", "total": 48}
{"atoms": 2334, "bucket": "dt_80ps", "elapsed_s": 9.102033649920486, "one_step_rmsd": 1.276780217070278, "rollout_future_rmsd": 1.5845790362978995, "sample": 40, "sample_id": "misato_5HJQ_w000005", "total": 48}
{"atoms": 1074, "bucket": "dt_80ps", "elapsed_s": 4.790074550081044, "one_step_rmsd": 1.192373464736726, "rollout_future_rmsd": 1.5176732488838984, "sample": 41, "sample_id": "misato_4J8T_w000000", "total": 48}
{"atoms": 1074, "bucket": "dt_80ps", "elapsed_s": 4.778128726989962, "one_step_rmsd": 1.1081673940089247, "rollout_future_rmsd": 1.4388307134158962, "sample": 42, "sample_id": "misato_4J8T_w000001", "total": 48}
{"atoms": 1074, "bucket": "dt_80ps", "elapsed_s": 4.791655236971565, "one_step_rmsd": 1.224833831416041, "rollout_future_rmsd": 1.7057811777663978, "sample": 43, "sample_id": "misato_4J8T_w000002", "total": 48}
{"atoms": 1074, "bucket": "dt_80ps", "elapsed_s": 4.758911408018321, "one_step_rmsd": 1.0240523260575634, "rollout_future_rmsd": 1.394799813020528, "sample": 44, "sample_id": "misato_4J8T_w000003", "total": 48}
{"atoms": 2466, "bucket": "dt_100ps", "elapsed_s": 9.37719972897321, "one_step_rmsd": 1.954262181152702, "rollout_future_rmsd": 2.585078716297031, "sample": 45, "sample_id": "atlas_3bl9_A_R1_w000016", "total": 48}
{"atoms": 2466, "bucket": "dt_100ps", "elapsed_s": 9.36928496195469, "one_step_rmsd": 1.8309236932309796, "rollout_future_rmsd": 2.6279038307848634, "sample": 46, "sample_id": "atlas_3bl9_A_R1_w000017", "total": 48}
{"atoms": 2466, "bucket": "dt_100ps", "elapsed_s": 9.43297881190665, "one_step_rmsd": 1.572083039670031, "rollout_future_rmsd": 2.1273477711886457, "sample": 47, "sample_id": "atlas_3bl9_A_R1_w000018", "total": 48}
{"atoms": 2466, "bucket": "dt_100ps", "elapsed_s": 9.383991925045848, "one_step_rmsd": 1.6732324811222643, "rollout_future_rmsd": 2.5527769638279763, "sample": 48, "sample_id": "atlas_3bl9_A_R1_w000019", "total": 48}
{"by_bucket": {"dt_100ps": 20, "dt_80ps": 28}, "complete": true, "output": "/workspace/PVB/outputs/pvb_origin_baselines/dynamic_direct/baseline_b_metrics.json", "peak_gpu_bytes": 2914745344, "samples": 48}
